
Discarded input sections

 .text          0x00000000        0x0 build/main.o
 .data          0x00000000        0x0 build/main.o
 .bss           0x00000000        0x0 build/main.o
 .text          0x00000000        0x0 build/system_stm32f4xx.o
 .data          0x00000000        0x0 build/system_stm32f4xx.o
 .bss           0x00000000        0x0 build/system_stm32f4xx.o
 .text.SystemCoreClockUpdate
                0x00000000       0x10 build/system_stm32f4xx.o
 .data.SystemCoreClock
                0x00000000        0x4 build/system_stm32f4xx.o
 .text          0x00000000        0x0 build/stubs.o
 .data          0x00000000        0x0 build/stubs.o
 .bss           0x00000000        0x0 build/stubs.o
 .text          0x00000000       0x14 build/startup_stm32f401xx.o
 .data          0x00000000        0x0 build/startup_stm32f401xx.o
 .bss           0x00000000        0x0 build/startup_stm32f401xx.o

Memory Configuration

Name             Origin             Length             Attributes
FLASH            0x08000000         0x00080000         xr
SRAM             0x20000000         0x00018000         xrw
*default*        0x00000000         0xffffffff

Linker script and memory map

LOAD build/main.o
LOAD build/system_stm32f4xx.o
LOAD build/stubs.o
LOAD build/startup_stm32f401xx.o
LOAD /usr/lib/gcc/arm-none-eabi/13.2.1/thumb/v7e-m+fp/softfp/libgcc.a
                0x20018000                        _estack = (ORIGIN (SRAM) + LENGTH (SRAM))

.isr_vector     0x08000000      0x194
 *(.isr_vector)
 .isr_vector    0x08000000      0x194 build/startup_stm32f401xx.o
                0x08000000                g_pfnVectors

.text           0x08000194      0x450
 *(.text*)
 .text.usart2_send_u32
                0x08000194       0x64 build/main.o
 .text.DMA2_Stream0_IRQHandler
                0x080001f8       0x58 build/main.o
                0x080001f8                DMA2_Stream0_IRQHandler
 .text.startup.main
                0x08000250      0x2f0 build/main.o
                0x08000250                main
 .text.SystemInit
                0x08000540       0x1c build/system_stm32f4xx.o
                0x08000540                SystemInit
 .text.__libc_init_array
                0x0800055c        0x4 build/stubs.o
                0x0800055c                __libc_init_array
 .text._init    0x08000560        0x4 build/stubs.o
                0x08000560                _init
 .text.Reset_Handler
                0x08000564       0x50 build/startup_stm32f401xx.o
                0x08000564                Reset_Handler
 .text.Default_Handler
                0x080005b4        0x2 build/startup_stm32f401xx.o
                0x080005b4                RTC_Alarm_IRQHandler
                0x080005b4                EXTI2_IRQHandler
                0x080005b4                DebugMon_Handler
                0x080005b4                SPI4_IRQHandler
                0x080005b4                TIM1_CC_IRQHandler
                0x080005b4                DMA2_Stream5_IRQHandler
                0x080005b4                HardFault_Handler
                0x080005b4                DMA1_Stream5_IRQHandler
                0x080005b4                SysTick_Handler
                0x080005b4                PVD_IRQHandler
                0x080005b4                SDIO_IRQHandler
                0x080005b4                TAMP_STAMP_IRQHandler
                0x080005b4                PendSV_Handler
                0x080005b4                NMI_Handler
                0x080005b4                EXTI3_IRQHandler
                0x080005b4                TIM1_UP_TIM10_IRQHandler
                0x080005b4                I2C3_ER_IRQHandler
                0x080005b4                EXTI0_IRQHandler
                0x080005b4                I2C2_EV_IRQHandler
                0x080005b4                DMA1_Stream2_IRQHandler
                0x080005b4                FPU_IRQHandler
                0x080005b4                UsageFault_Handler
                0x080005b4                DMA2_Stream2_IRQHandler
                0x080005b4                SPI1_IRQHandler
                0x080005b4                TIM1_BRK_TIM9_IRQHandler
                0x080005b4                DMA2_Stream3_IRQHandler
                0x080005b4                USART6_IRQHandler
                0x080005b4                TIM4_IRQHandler
                0x080005b4                I2C1_EV_IRQHandler
                0x080005b4                DMA1_Stream6_IRQHandler
                0x080005b4                DMA1_Stream1_IRQHandler
                0x080005b4                TIM3_IRQHandler
                0x080005b4                RCC_IRQHandler
                0x080005b4                Default_Handler
                0x080005b4                EXTI15_10_IRQHandler
                0x080005b4                ADC_IRQHandler
                0x080005b4                DMA1_Stream7_IRQHandler
                0x080005b4                TIM5_IRQHandler
                0x080005b4                DMA2_Stream7_IRQHandler
                0x080005b4                I2C3_EV_IRQHandler
                0x080005b4                EXTI9_5_IRQHandler
                0x080005b4                RTC_WKUP_IRQHandler
                0x080005b4                SPI2_IRQHandler
                0x080005b4                MemManage_Handler
                0x080005b4                DMA1_Stream0_IRQHandler
                0x080005b4                SVC_Handler
                0x080005b4                EXTI4_IRQHandler
                0x080005b4                WWDG_IRQHandler
                0x080005b4                TIM2_IRQHandler
                0x080005b4                OTG_FS_WKUP_IRQHandler
                0x080005b4                TIM1_TRG_COM_TIM11_IRQHandler
                0x080005b4                EXTI1_IRQHandler
                0x080005b4                USART2_IRQHandler
                0x080005b4                I2C2_ER_IRQHandler
                0x080005b4                DMA2_Stream1_IRQHandler
                0x080005b4                FLASH_IRQHandler
                0x080005b4                DMA2_Stream4_IRQHandler
                0x080005b4                BusFault_Handler
                0x080005b4                USART1_IRQHandler
                0x080005b4                OTG_FS_IRQHandler
                0x080005b4                SPI3_IRQHandler
                0x080005b4                DMA1_Stream4_IRQHandler
                0x080005b4                I2C1_ER_IRQHandler
                0x080005b4                DMA2_Stream6_IRQHandler
                0x080005b4                DMA1_Stream3_IRQHandler
 *(.rodata*)
 *fill*         0x080005b6        0x2 
 .rodata.main.str1.4
                0x080005b8       0x2c build/main.o
                0x080005e4                        _etext = .
                0x080005e4                        _sidata = LOADADDR (.data)

.glue_7         0x080005e4        0x0
 .glue_7        0x080005e4        0x0 linker stubs

.glue_7t        0x080005e4        0x0
 .glue_7t       0x080005e4        0x0 linker stubs

.vfp11_veneer   0x080005e4        0x0
 .vfp11_veneer  0x080005e4        0x0 linker stubs

.v4_bx          0x080005e4        0x0
 .v4_bx         0x080005e4        0x0 linker stubs

.iplt           0x080005e4        0x0
 .iplt          0x080005e4        0x0 build/main.o

.rel.dyn        0x080005e4        0x0
 .rel.iplt      0x080005e4        0x0 build/main.o

.data           0x20000000        0x0 load address 0x080005e4
                0x20000000                        _sdata = .
 *(.data*)
                0x20000000                        _edata = .

.igot.plt       0x20000000        0x0
 .igot.plt      0x20000000        0x0 build/main.o

.bss            0x20000000       0x88
                0x20000000                        _sbss = .
 *(.bss*)
 .bss.dma_full_flag
                0x20000000        0x4 build/main.o
                0x20000000                dma_full_flag
 .bss.dma_half_flag
                0x20000004        0x4 build/main.o
                0x20000004                dma_half_flag
 .bss.adc_buf   0x20000008       0x80 build/main.o
                0x20000008                adc_buf
 *(COMMON)
                0x20000088                        _ebss = .
OUTPUT(build/tim_trg_dma_f401.elf elf32-littlearm)
LOAD linker stubs

.comment        0x00000000       0x26
 .comment       0x00000000       0x26 build/main.o
                                 0x27 (size before relaxing)
 .comment       0x00000026       0x27 build/system_stm32f4xx.o
 .comment       0x00000026       0x27 build/stubs.o

.ARM.attributes
                0x00000000       0x30
 .ARM.attributes
                0x00000000       0x32 build/main.o
 .ARM.attributes
                0x00000032       0x32 build/system_stm32f4xx.o
 .ARM.attributes
                0x00000064       0x32 build/stubs.o
 .ARM.attributes
                0x00000096       0x21 build/startup_stm32f401xx.o
